2026-04-18 15:07:32,499 ERROR auto_tiktok_editor.commercial Commercial startup failed.
Traceback (most recent call last):
  File "D:\TOOL_R~1\code\build\nuitka\COMMER~1.DIS\commercial_entry.py", line 33, in main
  File "D:\TOOL_R~1\code\build\nuitka\COMMER~1.DIS\auto_tiktok_editor\commercial_runtime.py", line 24, in ensure_runtime_allowed
RuntimeError: Ban thuong mai chi duoc phep chay tu file .exe dong goi. Runtime hien tai cho 'commercial-ui' dang la source code.
2026-04-18 15:08:56,190 ERROR auto_tiktok_editor.commercial Commercial startup failed.
Traceback (most recent call last):
  File "D:\TOOL_R~1\code\build\nuitka\COMMER~1.DIS\commercial_entry.py", line 33, in main
  File "D:\TOOL_R~1\code\build\nuitka\COMMER~1.DIS\auto_tiktok_editor\commercial_runtime.py", line 24, in ensure_runtime_allowed
RuntimeError: Ban thuong mai chi duoc phep chay tu file .exe dong goi. Runtime hien tai cho 'commercial-ui' dang la source code.
2026-04-18 15:10:17,128 ERROR auto_tiktok_editor.commercial Commercial startup failed.
Traceback (most recent call last):
  File "D:\TOOL_R~1\code\build\NUITKA~2\COMMER~1.DIS\commercial_entry.py", line 33, in main
  File "D:\TOOL_R~1\code\build\NUITKA~2\COMMER~1.DIS\auto_tiktok_editor\commercial_runtime.py", line 24, in ensure_runtime_allowed
RuntimeError: Ban thuong mai chi duoc phep chay tu file .exe dong goi. Runtime hien tai cho 'commercial-ui' dang la source code.
2026-04-18 15:50:06,980 INFO auto_tiktok_editor.commercial Commercial UI exited with code 1.
2026-04-18 16:05:16,957 WARNING auto_tiktok_editor.license_ui License login failed: License server rejected the request: {"detail":"No license has been issued for this account."}
2026-04-18 16:05:56,781 WARNING auto_tiktok_editor.license_ui License login failed: License server rejected the request: {"detail":"No license has been issued for this account."}
2026-04-18 16:09:47,314 INFO auto_tiktok_editor.commercial Commercial UI exited with code 1.
2026-04-18 17:11:55,912 WARNING auto_tiktok_editor.license_ui License login failed: License server rejected the request: {"detail":"No license has been issued for this account."}
2026-04-18 17:13:49,763 INFO auto_tiktok_editor.commercial Commercial UI exited with code 1.
2026-04-18 19:19:00,466 WARNING auto_tiktok_editor.license_ui License login failed: Sai tài kho\u1ea3n ho\u1eb7c m\u1eadt kh\u1ea9u.
2026-04-18 19:19:31,715 WARNING auto_tiktok_editor.license_ui License login failed: Tài kho\u1ea3n này ch\u01b0a \u0111\u01b0\u1ee3c c\u1ea5p license.
2026-04-18 19:19:51,956 WARNING auto_tiktok_editor.license_ui License login failed: Internal Server Error
2026-04-18 19:23:35,909 WARNING auto_tiktok_editor.license_ui License login failed: Internal Server Error
2026-04-18 19:24:20,430 WARNING auto_tiktok_editor.license_ui License login failed: Internal Server Error
2026-04-18 19:26:27,338 INFO auto_tiktok_editor.commercial Commercial UI exited with code 0.
2026-04-18 19:31:06,887 INFO auto_tiktok_editor.commercial Commercial UI exited with code 0.
2026-04-18 19:51:47,416 INFO auto_tiktok_editor.commercial Commercial UI exited with code 0.
2026-04-18 19:52:28,314 ERROR auto_tiktok_editor.commercial Commercial startup failed.
Traceback (most recent call last):
  File "D:\TOOL_R~1\code\build\nuitka\COMMER~1.DIS\commercial_entry.py", line 34, in main
  File "D:\TOOL_R~1\code\build\nuitka\COMMER~1.DIS\auto_tiktok_editor\ui\app.py", line 1128, in launch_ui
  File "D:\TOOL_R~1\code\build\nuitka\COMMER~1.DIS\auto_tiktok_editor\ui\app.py", line 150, in __init__
  File "D:\TOOL_R~1\code\build\nuitka\COMMER~1.DIS\auto_tiktok_editor\ui\app.py", line 1108, in _license_summary_text
TypeError: can't subtract offset-naive and offset-aware datetimes
2026-04-18 19:52:37,108 ERROR auto_tiktok_editor.commercial Commercial startup failed.
Traceback (most recent call last):
  File "D:\TOOL_R~1\code\build\nuitka\COMMER~1.DIS\commercial_entry.py", line 34, in main
  File "D:\TOOL_R~1\code\build\nuitka\COMMER~1.DIS\auto_tiktok_editor\ui\app.py", line 1128, in launch_ui
  File "D:\TOOL_R~1\code\build\nuitka\COMMER~1.DIS\auto_tiktok_editor\ui\app.py", line 150, in __init__
  File "D:\TOOL_R~1\code\build\nuitka\COMMER~1.DIS\auto_tiktok_editor\ui\app.py", line 1108, in _license_summary_text
TypeError: can't subtract offset-naive and offset-aware datetimes
2026-04-18 19:54:37,344 ERROR auto_tiktok_editor.commercial Commercial startup failed.
Traceback (most recent call last):
  File "D:\TOOL_R~1\code\build\nuitka\COMMER~1.DIS\commercial_entry.py", line 34, in main
  File "D:\TOOL_R~1\code\build\nuitka\COMMER~1.DIS\auto_tiktok_editor\ui\app.py", line 1128, in launch_ui
  File "D:\TOOL_R~1\code\build\nuitka\COMMER~1.DIS\auto_tiktok_editor\ui\app.py", line 150, in __init__
  File "D:\TOOL_R~1\code\build\nuitka\COMMER~1.DIS\auto_tiktok_editor\ui\app.py", line 1108, in _license_summary_text
TypeError: can't subtract offset-naive and offset-aware datetimes
2026-04-18 20:04:31,527 ERROR auto_tiktok_editor.commercial Commercial startup failed.
Traceback (most recent call last):
  File "D:\TOOL_R~1\code\build\nuitka\COMMER~1.DIS\commercial_entry.py", line 34, in main
  File "D:\TOOL_R~1\code\build\nuitka\COMMER~1.DIS\auto_tiktok_editor\ui\app.py", line 1128, in launch_ui
  File "D:\TOOL_R~1\code\build\nuitka\COMMER~1.DIS\auto_tiktok_editor\ui\app.py", line 150, in __init__
  File "D:\TOOL_R~1\code\build\nuitka\COMMER~1.DIS\auto_tiktok_editor\ui\app.py", line 1108, in _license_summary_text
TypeError: can't subtract offset-naive and offset-aware datetimes
2026-04-18 20:04:37,210 ERROR auto_tiktok_editor.commercial Commercial startup failed.
Traceback (most recent call last):
  File "D:\TOOL_R~1\code\build\nuitka\COMMER~1.DIS\commercial_entry.py", line 34, in main
  File "D:\TOOL_R~1\code\build\nuitka\COMMER~1.DIS\auto_tiktok_editor\ui\app.py", line 1128, in launch_ui
  File "D:\TOOL_R~1\code\build\nuitka\COMMER~1.DIS\auto_tiktok_editor\ui\app.py", line 150, in __init__
  File "D:\TOOL_R~1\code\build\nuitka\COMMER~1.DIS\auto_tiktok_editor\ui\app.py", line 1108, in _license_summary_text
TypeError: can't subtract offset-naive and offset-aware datetimes
2026-04-18 20:04:38,143 ERROR auto_tiktok_editor.commercial Commercial startup failed.
Traceback (most recent call last):
  File "D:\TOOL_R~1\code\build\nuitka\COMMER~1.DIS\commercial_entry.py", line 34, in main
  File "D:\TOOL_R~1\code\build\nuitka\COMMER~1.DIS\auto_tiktok_editor\ui\app.py", line 1128, in launch_ui
  File "D:\TOOL_R~1\code\build\nuitka\COMMER~1.DIS\auto_tiktok_editor\ui\app.py", line 150, in __init__
  File "D:\TOOL_R~1\code\build\nuitka\COMMER~1.DIS\auto_tiktok_editor\ui\app.py", line 1108, in _license_summary_text
TypeError: can't subtract offset-naive and offset-aware datetimes
2026-04-18 20:04:38,980 ERROR auto_tiktok_editor.commercial Commercial startup failed.
Traceback (most recent call last):
  File "D:\TOOL_R~1\code\build\nuitka\COMMER~1.DIS\commercial_entry.py", line 34, in main
  File "D:\TOOL_R~1\code\build\nuitka\COMMER~1.DIS\auto_tiktok_editor\ui\app.py", line 1128, in launch_ui
  File "D:\TOOL_R~1\code\build\nuitka\COMMER~1.DIS\auto_tiktok_editor\ui\app.py", line 150, in __init__
  File "D:\TOOL_R~1\code\build\nuitka\COMMER~1.DIS\auto_tiktok_editor\ui\app.py", line 1108, in _license_summary_text
TypeError: can't subtract offset-naive and offset-aware datetimes
2026-04-18 20:04:41,604 ERROR auto_tiktok_editor.commercial Commercial startup failed.
Traceback (most recent call last):
  File "D:\TOOL_R~1\code\build\nuitka\COMMER~1.DIS\commercial_entry.py", line 34, in main
  File "D:\TOOL_R~1\code\build\nuitka\COMMER~1.DIS\auto_tiktok_editor\ui\app.py", line 1128, in launch_ui
  File "D:\TOOL_R~1\code\build\nuitka\COMMER~1.DIS\auto_tiktok_editor\ui\app.py", line 150, in __init__
  File "D:\TOOL_R~1\code\build\nuitka\COMMER~1.DIS\auto_tiktok_editor\ui\app.py", line 1108, in _license_summary_text
TypeError: can't subtract offset-naive and offset-aware datetimes
2026-04-18 20:04:42,957 ERROR auto_tiktok_editor.commercial Commercial startup failed.
Traceback (most recent call last):
  File "D:\TOOL_R~1\code\build\nuitka\COMMER~1.DIS\commercial_entry.py", line 34, in main
  File "D:\TOOL_R~1\code\build\nuitka\COMMER~1.DIS\auto_tiktok_editor\ui\app.py", line 1128, in launch_ui
  File "D:\TOOL_R~1\code\build\nuitka\COMMER~1.DIS\auto_tiktok_editor\ui\app.py", line 150, in __init__
  File "D:\TOOL_R~1\code\build\nuitka\COMMER~1.DIS\auto_tiktok_editor\ui\app.py", line 1108, in _license_summary_text
TypeError: can't subtract offset-naive and offset-aware datetimes
2026-04-18 20:04:44,031 ERROR auto_tiktok_editor.commercial Commercial startup failed.
Traceback (most recent call last):
  File "D:\TOOL_R~1\code\build\nuitka\COMMER~1.DIS\commercial_entry.py", line 34, in main
  File "D:\TOOL_R~1\code\build\nuitka\COMMER~1.DIS\auto_tiktok_editor\ui\app.py", line 1128, in launch_ui
  File "D:\TOOL_R~1\code\build\nuitka\COMMER~1.DIS\auto_tiktok_editor\ui\app.py", line 150, in __init__
  File "D:\TOOL_R~1\code\build\nuitka\COMMER~1.DIS\auto_tiktok_editor\ui\app.py", line 1108, in _license_summary_text
TypeError: can't subtract offset-naive and offset-aware datetimes
2026-04-18 20:09:40,296 ERROR auto_tiktok_editor.commercial Commercial startup failed.
Traceback (most recent call last):
  File "D:\TOOL_R~1\code\build\nuitka\COMMER~1.DIS\commercial_entry.py", line 34, in main
  File "D:\TOOL_R~1\code\build\nuitka\COMMER~1.DIS\auto_tiktok_editor\ui\app.py", line 1128, in launch_ui
  File "D:\TOOL_R~1\code\build\nuitka\COMMER~1.DIS\auto_tiktok_editor\ui\app.py", line 150, in __init__
  File "D:\TOOL_R~1\code\build\nuitka\COMMER~1.DIS\auto_tiktok_editor\ui\app.py", line 1108, in _license_summary_text
TypeError: can't subtract offset-naive and offset-aware datetimes
2026-04-18 20:09:44,134 ERROR auto_tiktok_editor.commercial Commercial startup failed.
Traceback (most recent call last):
  File "D:\TOOL_R~1\code\build\nuitka\COMMER~1.DIS\commercial_entry.py", line 34, in main
  File "D:\TOOL_R~1\code\build\nuitka\COMMER~1.DIS\auto_tiktok_editor\ui\app.py", line 1128, in launch_ui
  File "D:\TOOL_R~1\code\build\nuitka\COMMER~1.DIS\auto_tiktok_editor\ui\app.py", line 150, in __init__
  File "D:\TOOL_R~1\code\build\nuitka\COMMER~1.DIS\auto_tiktok_editor\ui\app.py", line 1108, in _license_summary_text
TypeError: can't subtract offset-naive and offset-aware datetimes
2026-04-18 20:09:45,059 ERROR auto_tiktok_editor.commercial Commercial startup failed.
Traceback (most recent call last):
  File "D:\TOOL_R~1\code\build\nuitka\COMMER~1.DIS\commercial_entry.py", line 34, in main
  File "D:\TOOL_R~1\code\build\nuitka\COMMER~1.DIS\auto_tiktok_editor\ui\app.py", line 1128, in launch_ui
  File "D:\TOOL_R~1\code\build\nuitka\COMMER~1.DIS\auto_tiktok_editor\ui\app.py", line 150, in __init__
  File "D:\TOOL_R~1\code\build\nuitka\COMMER~1.DIS\auto_tiktok_editor\ui\app.py", line 1108, in _license_summary_text
TypeError: can't subtract offset-naive and offset-aware datetimes
2026-04-18 20:13:38,588 ERROR auto_tiktok_editor.commercial Commercial startup failed.
Traceback (most recent call last):
  File "D:\TOOL_R~1\code\build\nuitka\COMMER~1.DIS\commercial_entry.py", line 34, in main
  File "D:\TOOL_R~1\code\build\nuitka\COMMER~1.DIS\auto_tiktok_editor\ui\app.py", line 1128, in launch_ui
  File "D:\TOOL_R~1\code\build\nuitka\COMMER~1.DIS\auto_tiktok_editor\ui\app.py", line 150, in __init__
  File "D:\TOOL_R~1\code\build\nuitka\COMMER~1.DIS\auto_tiktok_editor\ui\app.py", line 1108, in _license_summary_text
TypeError: can't subtract offset-naive and offset-aware datetimes
2026-04-18 20:13:39,415 ERROR auto_tiktok_editor.commercial Commercial startup failed.
Traceback (most recent call last):
  File "D:\TOOL_R~1\code\build\nuitka\COMMER~1.DIS\commercial_entry.py", line 34, in main
  File "D:\TOOL_R~1\code\build\nuitka\COMMER~1.DIS\auto_tiktok_editor\ui\app.py", line 1128, in launch_ui
  File "D:\TOOL_R~1\code\build\nuitka\COMMER~1.DIS\auto_tiktok_editor\ui\app.py", line 150, in __init__
  File "D:\TOOL_R~1\code\build\nuitka\COMMER~1.DIS\auto_tiktok_editor\ui\app.py", line 1108, in _license_summary_text
TypeError: can't subtract offset-naive and offset-aware datetimes
2026-04-18 20:13:41,278 ERROR auto_tiktok_editor.commercial Commercial startup failed.
Traceback (most recent call last):
  File "D:\TOOL_R~1\code\build\nuitka\COMMER~1.DIS\commercial_entry.py", line 34, in main
  File "D:\TOOL_R~1\code\build\nuitka\COMMER~1.DIS\auto_tiktok_editor\ui\app.py", line 1128, in launch_ui
  File "D:\TOOL_R~1\code\build\nuitka\COMMER~1.DIS\auto_tiktok_editor\ui\app.py", line 150, in __init__
  File "D:\TOOL_R~1\code\build\nuitka\COMMER~1.DIS\auto_tiktok_editor\ui\app.py", line 1108, in _license_summary_text
TypeError: can't subtract offset-naive and offset-aware datetimes
2026-04-18 20:18:59,994 INFO auto_tiktok_editor.commercial Commercial startup. runtime_is_frozen=True commercial_mode=True allow_local_telegram=False
2026-04-18 20:19:00,217 INFO auto_tiktok_editor.license_ui License login dialog opened.
2026-04-18 20:19:00,247 INFO auto_tiktok_editor.license_ui Trying cached license session.
2026-04-18 20:19:00,371 INFO auto_tiktok_editor.license_ui Cached session accepted for user lenguyenbao.
2026-04-18 20:19:00,426 ERROR auto_tiktok_editor.commercial Commercial startup failed.
Traceback (most recent call last):
  File "D:\TOOL_R~1\code\build\nuitka\COMMER~1.DIS\commercial_entry.py", line 40, in main
  File "D:\TOOL_R~1\code\build\nuitka\COMMER~1.DIS\auto_tiktok_editor\ui\app.py", line 1128, in launch_ui
  File "D:\TOOL_R~1\code\build\nuitka\COMMER~1.DIS\auto_tiktok_editor\ui\app.py", line 150, in __init__
  File "D:\TOOL_R~1\code\build\nuitka\COMMER~1.DIS\auto_tiktok_editor\ui\app.py", line 1108, in _license_summary_text
TypeError: can't subtract offset-naive and offset-aware datetimes
2026-04-18 20:19:02,837 INFO auto_tiktok_editor.commercial Commercial startup. runtime_is_frozen=True commercial_mode=True allow_local_telegram=False
2026-04-18 20:19:02,875 INFO auto_tiktok_editor.license_ui License login dialog opened.
2026-04-18 20:19:02,902 INFO auto_tiktok_editor.license_ui Trying cached license session.
2026-04-18 20:19:02,949 INFO auto_tiktok_editor.license_ui Cached session accepted for user lenguyenbao.
2026-04-18 20:19:02,995 ERROR auto_tiktok_editor.commercial Commercial startup failed.
Traceback (most recent call last):
  File "D:\TOOL_R~1\code\build\nuitka\COMMER~1.DIS\commercial_entry.py", line 40, in main
  File "D:\TOOL_R~1\code\build\nuitka\COMMER~1.DIS\auto_tiktok_editor\ui\app.py", line 1128, in launch_ui
  File "D:\TOOL_R~1\code\build\nuitka\COMMER~1.DIS\auto_tiktok_editor\ui\app.py", line 150, in __init__
  File "D:\TOOL_R~1\code\build\nuitka\COMMER~1.DIS\auto_tiktok_editor\ui\app.py", line 1108, in _license_summary_text
TypeError: can't subtract offset-naive and offset-aware datetimes
